
> election-assistant@0.0.0 test
> vitest run --run


[1m[30m[46m RUN [49m[39m[22m [36mv4.1.5 [39m[90mC:/Users/aviji/OneDrive/Desktop/project/arcade promt/election-assistant[39m

 [31mΓ¥»[39m src/components/Chat.test.jsx [2m([22m[2m0 test[22m[2m)[22m
 [32mΓ£ô[39m src/components/Quiz.test.jsx [2m([22m[2m3 tests[22m[2m)[22m[32m 287[2mms[22m[39m
 [31mΓ¥»[39m src/App.test.jsx [2m([22m[2m2 tests[22m[2m | [22m[31m2 failed[39m[2m)[22m[32m 135[2mms[22m[39m
[31m     [31m├ù[31m renders without crashing and displays the main header[39m[32m 98[2mms[22m[39m
[31m     [31m├ù[31m renders all main sections[39m[32m 33[2mms[22m[39m
node.exe : 
At line:1 char:1
+ & "C:\Program Files\nodejs/node.exe" "C:\Program Files\nodejs/node_mo ...
+ ~~~~~~~~~~~~~~~~~~~~~~~~~~~~~~~~~~~~~~~~~~~~~~~~~~~~~~~~~~~~~~~~~~~~~
    + CategoryInfo          : NotSpecified: (:String) [], RemoteException
    + FullyQualifiedErrorId : NativeCommandError
 
[31mΓÄ»ΓÄ»ΓÄ»ΓÄ»ΓÄ»ΓÄ»[39m[1m[41m Failed Suites 1 [49m[22m[31mΓÄ»ΓÄ»ΓÄ»ΓÄ»ΓÄ»ΓÄ»ΓÄ»[39m

[41m[1m FAIL [22m[49m src/components/Chat.test.jsx[2m [ src/components/Chat.test.jsx ][22m
[31m[1mReferenceError[22m: jest is not defined[39m
[36m [2mΓ¥»[22m src/components/Chat.test.jsx:[2m6:1[22m[39m
    [90m  4|[39m
    [90m  5|[39m [90m// Mock the gemini service to return a simple string[39m
    [90m  6|[39m jest[33m.[39m[34mmock[39m([32m'../services/geminiService'[39m[33m,[39m () [33m=>[39m ({
    [90m   |[39m [31m^[39m
    [90m  7|[39m   generateBotResponse: jest.fn(() => Promise.resolve("Mocked bot respoΓÇª
    [90m  8|[39m }))[33m;[39m

[31m[2mΓÄ»ΓÄ»ΓÄ»ΓÄ»ΓÄ»ΓÄ»ΓÄ»ΓÄ»ΓÄ»ΓÄ»ΓÄ»ΓÄ»ΓÄ»ΓÄ»ΓÄ»ΓÄ»ΓÄ»ΓÄ»ΓÄ»ΓÄ»ΓÄ»ΓÄ»ΓÄ»ΓÄ»[1/3]ΓÄ»[22m[39m


[31mΓÄ»ΓÄ»ΓÄ»ΓÄ»ΓÄ»ΓÄ»ΓÄ»[39m[1m[41m Failed Tests 2 [49m[22m[31mΓÄ»ΓÄ»ΓÄ»ΓÄ»ΓÄ»ΓÄ»ΓÄ»[39m

[41m[1m FAIL [22m[49m src/App.test.jsx[2m > [22mApp Component[2m > [22mrenders without crashing and displays 
the main header
[41m[1m FAIL [22m[49m src/App.test.jsx[2m > [22mApp Component[2m > [22mrenders all main sections
[31m[1mTypeError[22m: messagesEndRef.current?.scrollIntoView is not a function[39m
[36m [2mΓ¥»[22m src/components/Chat.jsx:[2m14:29[22m[39m
    [90m 12|[39m
    [90m 13|[39m   [35mconst[39m scrollToBottom [33m=[39m [34museCallback[39m(() [33m=>[39m {
    [90m 14|[39m     messagesEndRef[33m.[39mcurrent[33m?.[39m[34mscrollIntoView[39m({ behavior[33m:[39m 
[32m"smooth"[39m })[33m;[39m
    [90m   |[39m                             [31m^[39m
    [90m 15|[39m   }[33m,[39m [])[33m;[39m
    [90m 16|[39m
[90m [2mΓ¥»[22m src/components/Chat.jsx:[2m18:5[22m[39m
[90m [2mΓ¥»[22m Object.react_stack_bottom_frame 
node_modules/react-dom/cjs/react-dom-client.development.js:[2m25989:20[22m[39m
[90m [2mΓ¥»[22m runWithFiberInDEV node_modules/react-dom/cjs/react-dom-client.development.js:[2m874:13[22m[39m
[90m [2mΓ¥»[22m commitHookEffectListMount 
node_modules/react-dom/cjs/react-dom-client.development.js:[2m13249:29[22m[39m
[90m [2mΓ¥»[22m commitHookPassiveMountEffects 
node_modules/react-dom/cjs/react-dom-client.development.js:[2m13336:11[22m[39m
[90m [2mΓ¥»[22m commitPassiveMountOnFiber 
node_modules/react-dom/cjs/react-dom-client.development.js:[2m15484:13[22m[39m
[90m [2mΓ¥»[22m recursivelyTraversePassiveMountEffects 
node_modules/react-dom/cjs/react-dom-client.development.js:[2m15439:11[22m[39m
[90m [2mΓ¥»[22m commitPassiveMountOnFiber 
node_modules/react-dom/cjs/react-dom-client.development.js:[2m15718:11[22m[39m
[90m [2mΓ¥»[22m recursivelyTraversePassiveMountEffects 
node_modules/react-dom/cjs/react-dom-client.development.js:[2m15439:11[22m[39m

[31m[2mΓÄ»ΓÄ»ΓÄ»ΓÄ»ΓÄ»ΓÄ»ΓÄ»ΓÄ»ΓÄ»ΓÄ»ΓÄ»ΓÄ»ΓÄ»ΓÄ»ΓÄ»ΓÄ»ΓÄ»ΓÄ»ΓÄ»ΓÄ»ΓÄ»ΓÄ»ΓÄ»ΓÄ»[2/3]ΓÄ»[22m[39m


[2m Test Files [22m [1m[31m2 failed[39m[22m[2m | [22m[1m[32m1 passed[39m[22m[90m (3)[39m
[2m      Tests [22m [1m[31m2 failed[39m[22m[2m | [22m[1m[32m3 passed[39m[22m[90m (5)[39m
[2m   Start at [22m 20:59:15
[2m   Duration [22m 3.35s[2m (transform 418ms, setup 656ms, import 1.06s, tests 422ms, environment 5.37s)[22m

